17:36:42 **** Build of configuration Debug for project Car ****
make all 
make --no-print-directory pre-build
a9-linaro-pre-build-step
 
make --no-print-directory main-build
Building file: ../src/main.c
Invoking: ARM v7 gcc compiler
arm-none-eabi-gcc -Wall -O0 -g3 -c -fmessage-length=0 -MT"src/main.o" -mcpu=cortex-a9 -mfpu=vfpv3 -mfloat-abi=hard -I/home/user/final-project/final-project-vitis/confident_1/export/confident_1/sw/confident_1/standalone_ps7_cortexa9_0/bspinclude/include -MMD -MP -MF"src/main.d" -MT"src/main.o" -o "src/main.o" "../src/main.c"
Finished building: ../src/main.c
 
Building target: Car.elf
Invoking: ARM v7 gcc linker
arm-none-eabi-gcc -mcpu=cortex-a9 -mfpu=vfpv3 -mfloat-abi=hard -Wl,-build-id=none -specs=Xilinx.spec -Wl,-T -Wl,../src/lscript.ld -L/home/user/final-project/final-project-vitis/confident_1/export/confident_1/sw/confident_1/standalone_ps7_cortexa9_0/bsplib/lib -o "Car.elf"  ./src/main.o   -Wl,--start-group,-lxil,-lgcc,-lc,--end-group
Finished building target: Car.elf
 
Invoking: ARM v7 Print Size
arm-none-eabi-size Car.elf  |tee "Car.elf.size"
   text	   data	    bss	    dec	    hex	filename
  76143	   2668	  24832	 103643	  194db	Car.elf
Finished building: Car.elf.size
 

17:36:43 Build Finished (took 668ms)

