19:57:11 **** Incremental Build of configuration Debug for project Zybo-Z7-10-DMA ****
make all 
make --no-print-directory pre-build
a9-linaro-pre-build-step
 
make --no-print-directory main-build
Building file: ../src/main.c
Invoking: ARM v7 gcc compiler
arm-none-eabi-gcc -Wall -O0 -g3 -ID:/Github/Zybo-Z7/sw/src/Zybo-Z7-10-DMA/src -c -fmessage-length=0 -MT"src/main.o" -mcpu=cortex-a9 -mfpu=vfpv3 -mfloat-abi=hard -I/home/user/final-project/final-project-vitis/system_wrapper/export/system_wrapper/sw/system_wrapper/domain_ps7_cortexa9_0/bspinclude/include -MMD -MP -MF"src/main.d" -MT"src/main.o" -o "src/main.o" "../src/main.c"
In file included from ../src/main.c:15:
/home/user/final-project/final-project-vitis/system_wrapper/export/system_wrapper/sw/system_wrapper/domain_ps7_cortexa9_0/bspinclude/include/xtime_l.h:65:9: note: '#pragma message: For the sleep routines, Global timer is being used'
   65 | #pragma message ("For the sleep routines, Global timer is being used")
      |         ^~~~~~~
Finished building: ../src/main.c
 
Building target: Zybo-Z7-10-DMA.elf
Invoking: ARM v7 gcc linker
arm-none-eabi-gcc -mcpu=cortex-a9 -mfpu=vfpv3 -mfloat-abi=hard -Wl,-build-id=none -specs=Xilinx.spec -Wl,-T -Wl,../src/lscript.ld -L/home/user/final-project/final-project-vitis/system_wrapper/export/system_wrapper/sw/system_wrapper/domain_ps7_cortexa9_0/bsplib/lib -o "Zybo-Z7-10-DMA.elf"  ./src/userio/userio.o  ./src/intc/intc.o  ./src/iic/iic.o  ./src/dma/dma.o  ./src/audio/audio.o  ./src/demo.o ./src/main.o ./src/platform.o   -Wl,--start-group,-lxil,-lgcc,-lc,--end-group
Finished building target: Zybo-Z7-10-DMA.elf
 
Invoking: ARM v7 Print Size
arm-none-eabi-size Zybo-Z7-10-DMA.elf  |tee "Zybo-Z7-10-DMA.elf.size"
   text	   data	    bss	    dec	    hex	filename
  54157	   3088	  24680	  81925	  14005	Zybo-Z7-10-DMA.elf
Finished building: Zybo-Z7-10-DMA.elf.size
 

19:57:12 Build Finished (took 620ms)

